/* -*- Mode: c -*- */
####################################################################################################
Core 0
####################################################################################################
Cumulative:        Cycles: 9048406               Instructions: 20000000              IPC: 2.21033

Periodic:          Cycles: 4481244               Instructions: 9999995               IPC: 2.23152

POWER_STATS_BEGIN                                    0                              0              

POWER_TIME                               1400388750000                  2827626875000              

POWER_CYCLE                                    4481244                        9048406              

POWER_ITLB_ACCESS                               707313                        1417921              

POWER_DTLB_ACCESS                              1866967                        3737791              

POWER_ICACHE_ACCESS                             707313                        1417921              

POWER_ICACHE_MISS                                    0                            360              

POWER_BTB_READ                                       0                              0              

POWER_BTB_WRITE                                   1642                           3816              

POWER_ROB_READ                                12367301                       24796909              

POWER_ROB_WRITE                               12367301                       24796909              

POWER_RENAME_READ                             24734602                       49593818              

POWER_RENAME_WRITE                            12367301                       24796909              

POWER_FP_RENAME_READ                                 0                              0              

POWER_FP_RENAME_WRITE                                0                              0              

POWER_FUNCTION_CALL                             171408                         343244              

POWER_INST_WINDOW_READ                        12367301                       24796909              

POWER_INST_WINDOW_WRITE                       12367301                       24796909              

POWER_INT_REGFILE_READ                        12928191                       25908527              

POWER_INT_REGFILE_WRITE                        9425149                       18890327              

POWER_IALU_ACCESS                             12354984                       24772189              

POWER_CDB_IALU_ACCESS                         12354984                       24772189              

POWER_MUL_ACCESS                                 12317                          24720              

POWER_CDB_MUL_ACCESS                             12317                          24720              

POWER_FP_INST_WINDOW_WRITE                           0                              0              

POWER_FP_INST_WINDOW_READ                            0                              0              

POWER_FP_REGFILE_READ                                0                              0              

POWER_FP_REGFILE_WRITE                               0                              0              

POWER_FPU_ACCESS                                     0                              0              

POWER_CDB_FPU_ACCESS                                 0                              0              

POWER_DCACHE_READ_ACCESS                       3276341                        6567376              

POWER_DCACHE_WRITE_ACCESS                      1865462                        3734625              

POWER_DCACHE_READ_MISS                           58388                         116461              

POWER_DCACHE_WRITE_MISS                           4014                           7969              

POWER_MLC_READ_ACCESS                                0                              0              

POWER_MLC_WRITE_ACCESS                               0                              0              

POWER_MLC_READ_MISS                                  0                              0              

POWER_MLC_WRITE_MISS                                 0                              0              

POWER_LLC_READ_ACCESS                            28527                          58973              

POWER_LLC_WRITE_ACCESS                             677                           1100              

POWER_LLC_READ_MISS                              24882                          52096              

POWER_LLC_WRITE_MISS                                 1                              1              

POWER_MEMORY_ACCESS                                  0                              0              

POWER_MEMORY_READ_ACCESS                             0                              0              

POWER_MEMORY_WRITE_ACCESS                            0                              0              

POWER_INST_WINDOW_WAKEUP_ACCESS               12367301                       24796909              

POWER_FP_INST_WINDOW_WAKEUP_ACCESS                   0                              0              

POWER_L1DIREC_READ_ACCESS                            0                              0              

POWER_L1DIREC_WRITE_ACCESS                           0                              0              

POWER_L1DIREC_READ_MISS                              0                              0              

POWER_L1DIREC_WRITE_MISS                             0                              0              

POWER_L2DIREC_READ_ACCESS                            0                              0              

POWER_L2DIREC_WRITE_ACCESS                           0                              0              

POWER_L2DIREC_READ_MISS                              0                              0              

POWER_L2DIREC_WRITE_MISS                             0                              0              

POWER_MEMORY_CTRL_ACCESS                         25102                          52316              

POWER_MEMORY_CTRL_READ                           24882                          52096              

POWER_MEMORY_CTRL_WRITE                            220                            220              

POWER_OP                                      12367301                       24796909              

POWER_INT_OP                                  12177147                       24403520              

POWER_FP_OP                                         49                            166              

POWER_LD_OP                                    3277179                        6569370              

POWER_ST_OP                                    1866967                        3737791              

POWER_BRANCH_MISPREDICT                           1642                           3816              

POWER_COMMITTED_OP                            12205388                       24409828              

POWER_COMMITTED_INT_OP                        12020219                       24039619              

POWER_COMMITTED_FP_OP                           185169                         370209              

POWER_BRANCH_OP                                1983356                        3976471              

POWER_DRAM_PRECHARGE                              5567                          11476              

POWER_DRAM_ACTIVATE                               7921                          16222              

POWER_DRAM_READ                                  24881                          52095              

POWER_DRAM_WRITE                                   210                            210              

POWER_STATS_END                                      0                              0              

ENERGY                                        0.000000                       0.000000              

ENERGY_CORE                                   0.000000                       0.000000              

ENERGY_UNCORE                                 0.000000                       0.000000              

ENERGY_MEMORY                                 0.000000                       0.000000              

ENERGY_OTHER                                  0.000000                       0.000000              

ENERGY_CORE_STATIC                            0.000000                       0.000000              

ENERGY_CORE_DYNAMIC                           0.000000                       0.000000              

ENERGY_UNCORE_STATIC                          0.000000                       0.000000              

ENERGY_UNCORE_DYNAMIC                         0.000000                       0.000000              

ENERGY_MEMORY_STATIC                          0.000000                       0.000000              

ENERGY_MEMORY_DYNAMIC                         0.000000                       0.000000              

ENERGY_OTHER_STATIC                           0.000000                       0.000000              

ENERGY_OTHER_DYNAMIC                          0.000000                       0.000000              

TIME                                          0.000000                       0.000000              

ENERGY_STATS_END                                     0                              0              



