/* -*- Mode: c -*- */
####################################################################################################
Core 0
####################################################################################################
Cumulative:        Cycles: 20788890              Instructions: 20000000              IPC: 0.96205

Periodic:          Cycles: 10321789              Instructions: 10000000              IPC: 0.96882

ST_OP_INV                                            0        0.000%                0        0.000%
ST_OP_NOP                                       100675        0.257%           529392        0.668%
ST_OP_CF                                       9712555       24.760%         19540887       24.675%
ST_OP_MOV                                        90139        0.230%           153840        0.194%
ST_OP_CMOV                                        2060        0.005%             4018        0.005%
ST_OP_LDA                                        29821        0.076%            53013        0.067%
ST_OP_ILD                                       228241        0.582%           397689        0.502%
ST_OP_IST                                      9653721       24.610%         19446261       24.556%
ST_OP_IADD                                    19246011       49.064%         38781578       48.972%
ST_OP_IMUL                                        1163        0.003%             2043        0.003%
ST_OP_IDIV                                         116        0.000%              233        0.000%
ST_OP_ICMP                                       59870        0.153%           104171        0.132%
ST_OP_LOGIC                                      88926        0.227%           153700        0.194%
ST_OP_SHIFT                                      10277        0.026%            18121        0.023%
ST_OP_FLD                                          980        0.002%             2129        0.003%
ST_OP_FST                                         2149        0.005%             4643        0.006%
ST_OP_FCVT                                           0        0.000%                0        0.000%
ST_OP_FADD                                           0        0.000%                0        0.000%
ST_OP_FMUL                                           0        0.000%                0        0.000%
ST_OP_FMA                                            0        0.000%                0        0.000%
ST_OP_FDIV                                           0        0.000%                0        0.000%
ST_OP_FCMP                                           0        0.000%                0        0.000%
ST_OP_FCMOV                                          0        0.000%                0        0.000%
ST_OP_GATHER                                         0        0.000%                0        0.000%
ST_OP_SCATTER                                        0        0.000%                0        0.000%
ST_OP_PIPELINED_FAST                                14        0.000%               22        0.000%
ST_OP_PIPELINED_MEDIUM                               0        0.000%                0        0.000%
ST_OP_PIPELINED_SLOW                                 0        0.000%                0        0.000%
ST_OP_NOTPIPELINED_MEDIUM                           14        0.000%               24        0.000%
ST_OP_NOTPIPELINED_SLOW                              0        0.000%                0        0.000%
ST_OP_NOTPIPELINED_VERY_SLOW                         0        0.000%                0        0.000%
                                              39226732      100.000%         79191764      100.000%
                                                  6.24         2.52              6.22         2.53

ST_NOT_CF                                     29514177       75.240%         59650877       75.325%
ST_CF_BR                                         12195        0.031%            20093        0.025%
ST_CF_CBR                                      9657909       24.621%         19448088       24.558%
ST_CF_CALL                                       18920        0.048%            32326        0.041%
ST_CF_IBR                                         3059        0.008%             5443        0.007%
ST_CF_ICALL                                        801        0.002%             1358        0.002%
ST_CF_ICO                                            0        0.000%                0        0.000%
ST_CF_RET                                        19671        0.050%            33579        0.042%
ST_CF_SYS                                            0        0.000%                0        0.000%
                                              39226732      100.000%         79191764      100.000%
                                                  0.50         0.76              0.50         0.76

ST_BAR_NONE                                   39226732      100.000%         79191764      100.000%
ST_BAR_FETCH                                         0        0.000%                0        0.000%
ST_BAR_ISSUE                                         0        0.000%                0        0.000%
ST_BAR_BOTH                                          0        0.000%                0        0.000%
                                              39226732      100.000%         79191764      100.000%
                                                  0.00         0.00              0.00         0.00

ST_NOT_MEM                                    29341641       74.800%         59341042       74.933%
ST_MEM_LD                                       229221        0.584%           399818        0.505%
ST_MEM_ST                                      9655870       24.616%         19450904       24.562%
ST_MEM_PF                                            0        0.000%                0        0.000%
ST_MEM_WH                                            0        0.000%                0        0.000%
ST_MEM_EVICT                                         0        0.000%                0        0.000%
                                              39226732      100.000%         79191764      100.000%
                                                  0.50         0.75              0.50         0.75

ST_NOT_MEM_OFFPATH                              410199       69.315%          1302307       77.381%
ST_MEM_LD_OFFPATH                               119135       20.131%           246405       14.641%
ST_MEM_ST_OFFPATH                                62457       10.554%           134262        7.978%
ST_MEM_PF_OFFPATH                                    0        0.000%                0        0.000%
ST_MEM_WH_OFFPATH                                    0        0.000%                0        0.000%
ST_MEM_EVIC_OFFPATHT                                 0        0.000%                0        0.000%
                                                591791      100.000%          1682974      100.000%
                                                  0.41         0.58              0.31         0.55

ST_OP_ONPATH                                  39226732                       79191764              

ST_OP_OFFPATH                                   591791                        1682974              

ST_FAKE_OP_OFFPATH                               79263       13.394%           618765       36.766%
ST_NOT_FAKE_OP_OFFPATH                          512528       86.606%          1064209       63.234%
                                                591791      100.000%          1682974      100.000%
                                                  0.87         0.82              0.63         0.58

ST_FAKE_REASON_NOT_FAKE                         512528       86.606%          1064209       63.234%
ST_FAKE_REASON_REDIRECT_TO_NOT_INSTRUMENTED         79263       13.394%           618765       36.766%
ST_FAKE_REASON_RETURN_TO_NOT_INSTRUMENTED             0        0.000%                0        0.000%
ST_FAKE_REASON_NONRET_CF_TO_NOT_INSTRUMENTED             0        0.000%                0        0.000%
ST_FAKE_REASON_NOT_TAKEN_TO_NOT_INSTRUMENTED             0        0.000%                0        0.000%
ST_FAKE_REASON_WRONG_PATH_STORE_TO_NEW_REGION             0        0.000%                0        0.000%
                                                591791      100.000%          1682974      100.000%
                                                  0.13         0.32              0.37         0.38

ST_INST_ONPATH                                10397809                       21092733              

ST_INST_OFFPATH                                 479003                        1450418              

STATIC_PIN_NOP                                       0                              0              

DYNAMIC_PIN_REP_GREATER_256                          0                              0              

INST_MAP_UPDATE_JITTED                           23224        0.241%            37284        0.192%
INST_MAP_UPDATE_NPC_INV                              0        0.000%                0        0.000%
INST_MAP_UPDATE_NPC_NOP                              0        0.000%                0        0.000%
INST_MAP_UPDATE_NPC_CF                               0        0.000%                0        0.000%
INST_MAP_UPDATE_NPC_MOV                              0        0.000%                0        0.000%
INST_MAP_UPDATE_NPC_CMOV                             0        0.000%                0        0.000%
INST_MAP_UPDATE_NPC_LDA                              0        0.000%                0        0.000%
INST_MAP_UPDATE_NPC_IMEM                             0        0.000%                0        0.000%
INST_MAP_UPDATE_NPC_IADD                             0        0.000%                0        0.000%
INST_MAP_UPDATE_NPC_IMUL                          1220        0.013%             1864        0.010%
INST_MAP_UPDATE_NPC_IDIV                             0        0.000%                0        0.000%
INST_MAP_UPDATE_NPC_ICMP                             0        0.000%                0        0.000%
INST_MAP_UPDATE_NPC_LOGIC                            0        0.000%                0        0.000%
INST_MAP_UPDATE_NPC_SHIFT                            0        0.000%                0        0.000%
INST_MAP_UPDATE_NPC_FMEM                             0        0.000%                0        0.000%
INST_MAP_UPDATE_NPC_FCVT                             0        0.000%                0        0.000%
INST_MAP_UPDATE_NPC_FADD                             0        0.000%                0        0.000%
INST_MAP_UPDATE_NPC_FMUL                             0        0.000%                0        0.000%
INST_MAP_UPDATE_NPC_FMA                              0        0.000%                0        0.000%
INST_MAP_UPDATE_NPC_FDIV                             0        0.000%                0        0.000%
INST_MAP_UPDATE_NPC_FCMP                             0        0.000%                0        0.000%
INST_MAP_UPDATE_NPC_FCMOV                            0        0.000%                0        0.000%
INST_MAP_UPDATE_NPC_GATHER                           0        0.000%                0        0.000%
INST_MAP_UPDATE_NPC_SCATTER                          0        0.000%                0        0.000%
INST_MAP_UPDATE_NPC_PIPELINED_FAST                   0        0.000%                0        0.000%
INST_MAP_UPDATE_NPC_PIPELINED_MEDIUM                 0        0.000%                0        0.000%
INST_MAP_UPDATE_NPC_PIPELINED_SLOW                   0        0.000%                0        0.000%
INST_MAP_UPDATE_NPC_NOTPIPELINED_MEDIUM              0        0.000%                0        0.000%
INST_MAP_UPDATE_NPC_NOTPIPELINED_SLOW                0        0.000%                0        0.000%
INST_MAP_UPDATE_NPC_NOTPIPELINED_VERY_SLOW             0        0.000%                0        0.000%
INST_MAP_UPDATE_MEM_INV                              0        0.000%                0        0.000%
INST_MAP_UPDATE_MEM_NOP                              0        0.000%                0        0.000%
INST_MAP_UPDATE_MEM_CF                               0        0.000%                0        0.000%
INST_MAP_UPDATE_MEM_MOV                        9577078       99.388%         19305314       99.499%
INST_MAP_UPDATE_MEM_CMOV                             7        0.000%                9        0.000%
INST_MAP_UPDATE_MEM_LDA                              0        0.000%                0        0.000%
INST_MAP_UPDATE_MEM_IMEM                             0        0.000%                0        0.000%
INST_MAP_UPDATE_MEM_IADD                             0        0.000%                0        0.000%
INST_MAP_UPDATE_MEM_IMUL                         26788        0.278%            46468        0.239%
INST_MAP_UPDATE_MEM_IDIV                             0        0.000%                0        0.000%
INST_MAP_UPDATE_MEM_ICMP                             0        0.000%                0        0.000%
INST_MAP_UPDATE_MEM_LOGIC                         6497        0.067%             9506        0.049%
INST_MAP_UPDATE_MEM_SHIFT                          796        0.008%             1330        0.007%
INST_MAP_UPDATE_MEM_FMEM                            84        0.001%              128        0.001%
INST_MAP_UPDATE_MEM_FCVT                             0        0.000%                0        0.000%
INST_MAP_UPDATE_MEM_FADD                             0        0.000%                0        0.000%
INST_MAP_UPDATE_MEM_FMUL                             0        0.000%                0        0.000%
INST_MAP_UPDATE_MEM_FMA                              0        0.000%                0        0.000%
INST_MAP_UPDATE_MEM_FDIV                             0        0.000%                0        0.000%
INST_MAP_UPDATE_MEM_FCMP                             0        0.000%                0        0.000%
INST_MAP_UPDATE_MEM_FCMOV                            0        0.000%                0        0.000%
INST_MAP_UPDATE_MEM_GATHER                           0        0.000%                0        0.000%
INST_MAP_UPDATE_MEM_SCATTER                          0        0.000%                0        0.000%
INST_MAP_UPDATE_MEM_PIPELINED_FAST                   0        0.000%                0        0.000%
INST_MAP_UPDATE_MEM_PIPELINED_MEDIUM                 0        0.000%                0        0.000%
INST_MAP_UPDATE_MEM_PIPELINED_SLOW                 357        0.004%              607        0.003%
INST_MAP_UPDATE_MEM_NOTPIPELINED_MEDIUM              0        0.000%                0        0.000%
INST_MAP_UPDATE_MEM_NOTPIPELINED_SLOW                0        0.000%                0        0.000%
INST_MAP_UPDATE_MEM_NOTPIPELINED_VERY_SLOW             0        0.000%                0        0.000%
                                               9636051      100.000%         19402510      100.000%
                                                 32.94         0.47             32.95         0.41



