/* -*- Mode: c -*- */
####################################################################################################
Core 0
####################################################################################################
Cumulative:        Cycles: 20788890              Instructions: 20000000              IPC: 0.96205

Periodic:          Cycles: 10321789              Instructions: 10000000              IPC: 0.96882

POWER_STATS_BEGIN                                    0                              0              

POWER_TIME                               3225559062500                  6496528125000              

POWER_CYCLE                                   10321789                       20788890              

POWER_ITLB_ACCESS                                50047                          94880              

POWER_DTLB_ACCESS                              9616969                       19375057              

POWER_ICACHE_ACCESS                              50047                          94880              

POWER_ICACHE_MISS                                 3538                           7780              

POWER_BTB_READ                                       0                              0              

POWER_BTB_WRITE                                   2851                           6880              

POWER_ROB_READ                                38855573                       78199034              

POWER_ROB_WRITE                               38855573                       78199034              

POWER_RENAME_READ                             77711146                      156398068              

POWER_RENAME_WRITE                            38855573                       78199034              

POWER_FP_RENAME_READ                                 0                              0              

POWER_FP_RENAME_WRITE                                0                              0              

POWER_FUNCTION_CALL                              14429                          23781              

POWER_INST_WINDOW_READ                        38855573                       78199034              

POWER_INST_WINDOW_WRITE                       38855573                       78199034              

POWER_INT_REGFILE_READ                        67475648                      135881328              

POWER_INT_REGFILE_WRITE                       19610777                       39380322              

POWER_IALU_ACCESS                             38854873                       78197878              

POWER_CDB_IALU_ACCESS                         38854873                       78197878              

POWER_MUL_ACCESS                                   700                           1156              

POWER_CDB_MUL_ACCESS                               700                           1156              

POWER_FP_INST_WINDOW_WRITE                           0                              0              

POWER_FP_INST_WINDOW_READ                            0                              0              

POWER_FP_REGFILE_READ                                0                              0              

POWER_FP_REGFILE_WRITE                               0                              0              

POWER_FPU_ACCESS                                     0                              0              

POWER_CDB_FPU_ACCESS                                 0                              0              

POWER_DCACHE_READ_ACCESS                        161808                         272932              

POWER_DCACHE_WRITE_ACCESS                      9616430                       19374612              

POWER_DCACHE_READ_MISS                           12554                          23094              

POWER_DCACHE_WRITE_MISS                        8196477                       16534697              

POWER_MLC_READ_ACCESS                                0                              0              

POWER_MLC_WRITE_ACCESS                               0                              0              

POWER_MLC_READ_MISS                                  0                              0              

POWER_MLC_WRITE_MISS                                 0                              0              

POWER_LLC_READ_ACCESS                           313887                         636405              

POWER_LLC_WRITE_ACCESS                          150663                         297869              

POWER_LLC_READ_MISS                             160133                         327226              

POWER_LLC_WRITE_MISS                                 0                              0              

POWER_MEMORY_ACCESS                                  0                              0              

POWER_MEMORY_READ_ACCESS                             0                              0              

POWER_MEMORY_WRITE_ACCESS                            0                              0              

POWER_INST_WINDOW_WAKEUP_ACCESS               38855573                       78199034              

POWER_FP_INST_WINDOW_WAKEUP_ACCESS                   0                              0              

POWER_L1DIREC_READ_ACCESS                            0                              0              

POWER_L1DIREC_WRITE_ACCESS                           0                              0              

POWER_L1DIREC_READ_MISS                              0                              0              

POWER_L1DIREC_WRITE_MISS                             0                              0              

POWER_L2DIREC_READ_ACCESS                            0                              0              

POWER_L2DIREC_WRITE_ACCESS                           0                              0              

POWER_L2DIREC_READ_MISS                              0                              0              

POWER_L2DIREC_WRITE_MISS                             0                              0              

POWER_MEMORY_CTRL_ACCESS                        310765                         598834              

POWER_MEMORY_CTRL_READ                          160133                         327226              

POWER_MEMORY_CTRL_WRITE                         150632                         271608              

POWER_OP                                      38855573                       78199034              

POWER_INT_OP                                  38830745                       78101217              

POWER_FP_OP                                       2266                           4551              

POWER_LD_OP                                     162367                         272738              

POWER_ST_OP                                    9616969                       19375057              

POWER_BRANCH_MISPREDICT                           2851                           6880              

POWER_COMMITTED_OP                            38735502                       77923153              

POWER_COMMITTED_INT_OP                        38723137                       77901841              

POWER_COMMITTED_FP_OP                            12365                          21312              

POWER_BRANCH_OP                                9660271                       19443685              

POWER_DRAM_PRECHARGE                             21517                          39087              

POWER_DRAM_ACTIVATE                              27056                          49620              

POWER_DRAM_READ                                 160133                         327222              

POWER_DRAM_WRITE                                150628                         271599              

POWER_STATS_END                                      0                              0              

ENERGY                                        0.000000                       0.000000              

ENERGY_CORE                                   0.000000                       0.000000              

ENERGY_UNCORE                                 0.000000                       0.000000              

ENERGY_MEMORY                                 0.000000                       0.000000              

ENERGY_OTHER                                  0.000000                       0.000000              

ENERGY_CORE_STATIC                            0.000000                       0.000000              

ENERGY_CORE_DYNAMIC                           0.000000                       0.000000              

ENERGY_UNCORE_STATIC                          0.000000                       0.000000              

ENERGY_UNCORE_DYNAMIC                         0.000000                       0.000000              

ENERGY_MEMORY_STATIC                          0.000000                       0.000000              

ENERGY_MEMORY_DYNAMIC                         0.000000                       0.000000              

ENERGY_OTHER_STATIC                           0.000000                       0.000000              

ENERGY_OTHER_DYNAMIC                          0.000000                       0.000000              

TIME                                          0.000000                       0.000000              

ENERGY_STATS_END                                     0                              0              



